Aug 29, 2026 1:09:36 AM aliyew.DBManager createExpense
SEVERE: ERROR: insert or update on table "tb_expenses" violates foreign key constraint "tb_expenses_expense_record_id_fkey"
  Detail: Key (expense_record_id)=(-1) is not present in table "tb_records". | 23503
Aug 29, 2026 1:09:59 AM aliyew.DBManager createExpense
SEVERE: ERROR: insert or update on table "tb_expenses" violates foreign key constraint "tb_expenses_expense_record_id_fkey"
  Detail: Key (expense_record_id)=(-1) is not present in table "tb_records". | 23503
Sep 01, 2026 2:26:23 PM aliyew.DBManager deleteRecord
SEVERE: The connection attempt failed. | 08001
Sep 01, 2026 2:26:42 PM aliyew.DBManager deleteRecord
SEVERE: The connection attempt failed. | 08001
Sep 01, 2026 2:26:56 PM aliyew.DBManager deleteRecord
SEVERE: The connection attempt failed. | 08001
Sep 01, 2026 2:30:32 PM aliyew.DBManager createNewRecord
SEVERE: The connection attempt failed. | 08001
Sep 01, 2026 2:31:24 PM aliyew.DBManager createExpense
SEVERE: The connection attempt failed. | 08001
Sep 01, 2026 2:41:58 PM aliyew.DBManager createExpense
SEVERE: The connection attempt failed. | 08001
Sep 03, 2026 3:00:29 PM aliyew.DBManager main
SEVERE: The connection attempt failed.
Sep 03, 2026 3:00:50 PM aliyew.DBManager createExpense
SEVERE: The connection attempt failed. | 08001
Sep 03, 2026 3:01:06 PM aliyew.DBManager createExpense
SEVERE: The connection attempt failed. | 08001
Sep 03, 2026 3:01:46 PM aliyew.DBManager createRecord
SEVERE: The connection attempt failed. | 08001
Sep 03, 2026 3:07:14 PM aliyew.DBManager main
SEVERE: The connection attempt failed.
Sep 03, 2026 3:11:42 PM aliyew.DBManager main
SEVERE: The connection attempt failed.
Sep 03, 2026 3:12:10 PM aliyew.DBManager createExpense
SEVERE: The connection attempt failed. | 08001
Sep 03, 2026 3:12:50 PM aliyew.DBManager createExpense
SEVERE: The connection attempt failed. | 08001
Sep 03, 2026 3:17:16 PM aliyew.DBManager createExpense
SEVERE: The connection attempt failed. | 08001
Sep 03, 2026 3:17:52 PM aliyew.DBManager createRecord
SEVERE: The connection attempt failed. | 08001
Sep 03, 2026 3:18:00 PM aliyew.DBManager createRecord
SEVERE: The connection attempt failed. | 08001
Sep 03, 2026 3:20:19 PM aliyew.DBManager createExpense
SEVERE: The connection attempt failed. | 08001
Sep 03, 2026 3:24:03 PM aliyew.DBManager createExpense
SEVERE: The connection attempt failed. | 08001
Sep 03, 2026 3:30:06 PM aliyew.DBManager main
SEVERE: The connection attempt failed.
Sep 03, 2026 3:30:18 PM aliyew.DBManager createExpense
SEVERE: The connection attempt failed. | 08001
Sep 03, 2026 3:30:36 PM aliyew.DBManager createRecord
SEVERE: The connection attempt failed. | 08001
Sep 03, 2026 3:34:39 PM aliyew.DBManager createExpense
SEVERE: The connection attempt failed. | 08001
Sep 03, 2026 3:36:25 PM aliyew.DBManager main
SEVERE: The connection attempt failed.
Sep 03, 2026 3:36:30 PM aliyew.DBManager createRecord
SEVERE: The connection attempt failed. | 08001
Sep 03, 2026 3:37:08 PM aliyew.DBManager createExpense
SEVERE: The connection attempt failed. | 08001
Sep 03, 2026 3:37:37 PM aliyew.DBManager createRecord
SEVERE: The connection attempt failed. | 08001
Sep 03, 2026 3:37:43 PM aliyew.DBManager createRecord
SEVERE: The connection attempt failed. | 08001
Sep 03, 2026 3:40:26 PM aliyew.DBManager main
SEVERE: The connection attempt failed.
Sep 03, 2026 3:40:34 PM aliyew.DBManager createExpense
SEVERE: The connection attempt failed. | 08001
Sep 03, 2026 3:40:41 PM aliyew.DBManager createExpense
SEVERE: The connection attempt failed. | 08001
Sep 03, 2026 3:40:50 PM aliyew.DBManager createRecord
SEVERE: The connection attempt failed. | 08001
Sep 04, 2026 2:53:30 AM aliyew.DBManager createExpense
SEVERE: ERROR: insert or update on table "tb_expenses" violates foreign key constraint "tb_expenses_expense_record_id_fkey"
  Detail: Key (expense_record_id)=(-1) is not present in table "tb_records". | 23503
Sep 04, 2026 3:06:45 AM aliyew.DBManager main
SEVERE: The connection attempt failed.
Sep 04, 2026 3:06:56 AM aliyew.DBManager createRecord
SEVERE: The connection attempt failed. | 08001
Sep 04, 2026 3:07:30 AM aliyew.DBManager createRecord
SEVERE: The connection attempt failed. | 08001
Sep 04, 2026 3:08:48 AM aliyew.DBManager createExpense
SEVERE: ERROR: insert or update on table "tb_expenses" violates foreign key constraint "tb_expenses_expense_record_id_fkey"
  Detail: Key (expense_record_id)=(-1) is not present in table "tb_records". | 23503
Sep 04, 2026 3:14:12 AM aliyew.DBManager main
SEVERE: The connection attempt failed.
Sep 04, 2026 3:14:20 AM aliyew.DBManager createRecord
SEVERE: The connection attempt failed. | 08001
Sep 04, 2026 3:15:09 AM aliyew.DBManager createRecord
SEVERE: The connection attempt failed. | 08001
Sep 04, 2026 3:15:36 AM aliyew.DBManager createExpense
SEVERE: ERROR: insert or update on table "tb_expenses" violates foreign key constraint "tb_expenses_expense_record_id_fkey"
  Detail: Key (expense_record_id)=(-1) is not present in table "tb_records". | 23503
Sep 04, 2026 3:21:41 AM aliyew.DBManager main
SEVERE: The connection attempt failed.
Sep 04, 2026 3:22:28 AM aliyew.DBManager createRecord
SEVERE: The connection attempt failed. | 08001
Sep 04, 2026 3:23:10 AM aliyew.DBManager createRecord
SEVERE: The connection attempt failed. | 08001
Sep 24, 2026 2:50:37 AM aliyew.DBManager main
SEVERE: The connection attempt failed.
Sep 24, 2026 2:57:22 AM aliyew.DBManager main
SEVERE: The connection attempt failed.
Sep 24, 2026 3:02:18 AM aliyew.DBManager main
SEVERE: The connection attempt failed.
Sep 24, 2026 3:03:13 AM aliyew.DBManager main
SEVERE: The connection attempt failed.
Sep 24, 2026 3:06:00 AM aliyew.DBManager main
SEVERE: The connection attempt failed.
Sep 24, 2026 3:16:53 AM aliyew.DBManager main
SEVERE: The connection attempt failed.
Sep 24, 2026 3:17:57 AM aliyew.DBManager main
SEVERE: The connection attempt failed.
Sep 24, 2026 3:18:29 AM aliyew.DBManager main
SEVERE: The connection attempt failed.
Sep 24, 2026 3:18:51 AM aliyew.DBManager main
SEVERE: The connection attempt failed.
Sep 24, 2026 3:19:25 AM aliyew.DBManager main
SEVERE: The connection attempt failed.
Sep 24, 2026 3:24:26 AM aliyew.DBManager main
SEVERE: The connection attempt failed.
Sep 24, 2026 3:25:30 AM aliyew.DBManager main
SEVERE: The connection attempt failed.
Sep 24, 2026 3:26:32 AM aliyew.DBManager main
SEVERE: The connection attempt failed.
Sep 24, 2026 3:27:22 AM aliyew.DBManager main
SEVERE: The connection attempt failed.
Sep 24, 2026 3:28:33 AM aliyew.DBManager main
SEVERE: The connection attempt failed.
Sep 24, 2026 3:30:04 AM aliyew.DBManager main
SEVERE: The connection attempt failed.
Sep 24, 2026 3:31:46 AM aliyew.DBManager main
SEVERE: The connection attempt failed.
Sep 24, 2026 3:32:11 AM aliyew.DBManager main
SEVERE: The connection attempt failed.
Sep 24, 2026 3:32:28 AM aliyew.DBManager main
SEVERE: The connection attempt failed.
Sep 24, 2026 3:32:48 AM aliyew.DBManager main
SEVERE: The connection attempt failed.
Sep 24, 2026 3:33:48 AM aliyew.DBManager main
SEVERE: The connection attempt failed.
Sep 24, 2026 3:34:06 AM aliyew.DBManager main
SEVERE: The connection attempt failed.
Sep 24, 2026 3:34:21 AM aliyew.DBManager main
SEVERE: The connection attempt failed.
Sep 24, 2026 3:34:55 AM aliyew.DBManager main
SEVERE: The connection attempt failed.
Sep 24, 2026 3:38:30 AM aliyew.DBManager main
SEVERE: The connection attempt failed.
Sep 24, 2026 3:39:33 AM aliyew.DBManager main
SEVERE: The connection attempt failed.
Sep 24, 2026 3:41:43 AM aliyew.DBManager main
SEVERE: The connection attempt failed.
Sep 24, 2026 3:43:05 AM aliyew.DBManager main
SEVERE: The connection attempt failed.
Sep 24, 2026 3:44:26 AM aliyew.DBManager main
SEVERE: The connection attempt failed.
Sep 24, 2026 3:44:52 AM aliyew.DBManager main
SEVERE: The connection attempt failed.
Sep 24, 2026 3:45:39 AM aliyew.DBManager main
SEVERE: The connection attempt failed.
Sep 24, 2026 3:46:03 AM aliyew.DBManager main
SEVERE: The connection attempt failed.
Sep 24, 2026 3:47:42 AM aliyew.DBManager main
SEVERE: The connection attempt failed.
Sep 24, 2026 3:48:28 AM aliyew.DBManager main
SEVERE: The connection attempt failed.
